This is pdfTeX, Version 3.14159265-2.6-1.40.15 (TeX Live 2015/dev/Debian) (preloaded format=pdftex 2015.1.23)  8 MAR 2015 15:21
entering extended mode
 restricted \write18 enabled.
 %&-line parsing enabled.
**test.tex
(./test.tex [1{/var/lib/texmf/fonts/map/pdftex/updmap/pdftex.map}] [2] [3]
[4] [5] [6] [7] [8] [9] [10] [11] [12] )</usr/share/texmf/fonts/type1/fkr/tipa/
tipa12.pfb>
Output written on test.pdf (12 pages, 20506 bytes).
PDF statistics:
 47 PDF objects out of 1000 (max. 8388607)
 31 compressed objects within 1 object stream
 0 named destinations out of 1000 (max. 500000)
 1 words of extra memory for PDF output out of 10000 (max. 10000000)

